wandb: [wandb.login()] Loaded credentials for https://api.wandb.ai from WANDB_API_KEY.
wandb: Currently logged in as: ryanhana (ryanhana-wandb) to https://api.wandb.ai. Use `wandb login --relogin` to force relogin
wandb: Tracking run with wandb version 0.27.0
wandb: Run data is saved locally in /scratch/gilbreth/chen4848/wandb_cache/wandb/run-20260521_184411-m9dcc23c
wandb: Run `wandb offline` to turn off syncing.
wandb: Syncing run run_20260521_1844_MobileHDR_hybrid_Teacher
wandb: ⭐️ View project at https://wandb.ai/ryanhana-wandb/hdr-dual-moe
wandb: 🚀 View run at https://wandb.ai/ryanhana-wandb/hdr-dual-moe/runs/m9dcc23c
/home/chen4848/.conda/envs/2025.06-py313/dl/lib/python3.12/site-packages/torchvision/models/_utils.py:208: UserWarning: The parameter 'pretrained' is deprecated since 0.13 and may be removed in the future, please use 'weights' instead.
  warnings.warn(
/home/chen4848/.conda/envs/2025.06-py313/dl/lib/python3.12/site-packages/torchvision/models/_utils.py:223: UserWarning: Arguments other than a weight enum or `None` for 'weights' are deprecated since 0.13 and may be removed in the future. The current behavior is equivalent to passing `weights=VGG16_Weights.IMAGENET1K_V1`. You can also use `weights=VGG16_Weights.DEFAULT` to get the most up-to-date weights.
  warnings.warn(msg)
Traceback (most recent call last):
  File "/scratch/gilbreth/chen4848/projects/HDR-denoise/train_A100_MoE_Teacher.py", line 327, in <module>
    for i, sample in enumerate(dataloader):
  File "/home/chen4848/.conda/envs/2025.06-py313/dl/lib/python3.12/site-packages/torch/utils/data/dataloader.py", line 708, in __next__
    data = self._next_data()
           ^^^^^^^^^^^^^^^^^
  File "/home/chen4848/.conda/envs/2025.06-py313/dl/lib/python3.12/site-packages/torch/utils/data/dataloader.py", line 1458, in _next_data
    idx, data = self._get_data()
                ^^^^^^^^^^^^^^^^
  File "/home/chen4848/.conda/envs/2025.06-py313/dl/lib/python3.12/site-packages/torch/utils/data/dataloader.py", line 1410, in _get_data
    success, data = self._try_get_data()
                    ^^^^^^^^^^^^^^^^^^^^
  File "/home/chen4848/.conda/envs/2025.06-py313/dl/lib/python3.12/site-packages/torch/utils/data/dataloader.py", line 1251, in _try_get_data
    data = self._data_queue.get(timeout=timeout)
           ^^^^^^^^^^^^^^^^^^^^^^^^^^^^^^^^^^^^^
  File "/home/chen4848/.conda/envs/2025.06-py313/dl/lib/python3.12/queue.py", line 180, in get
    self.not_empty.wait(remaining)
  File "/home/chen4848/.conda/envs/2025.06-py313/dl/lib/python3.12/threading.py", line 359, in wait
    gotit = waiter.acquire(True, timeout)
            ^^^^^^^^^^^^^^^^^^^^^^^^^^^^^
KeyboardInterrupt
[2026-05-21T19:01:01.954] error: *** JOB 10755174 ON gilbreth-i001 CANCELLED AT 2026-05-21T19:01:01 DUE to SIGNAL Terminated ***
