wandb: [wandb.login()] Loaded credentials for https://api.wandb.ai from WANDB_API_KEY.
wandb: Currently logged in as: ryanhana (ryanhana-wandb) to https://api.wandb.ai. Use `wandb login --relogin` to force relogin
wandb: Tracking run with wandb version 0.27.0
wandb: Run data is saved locally in /scratch/gilbreth/chen4848/wandb_cache/wandb/run-20260521_191315-km7si3dn
wandb: Run `wandb offline` to turn off syncing.
wandb: Syncing run run_20260521_1913_MobileHDR_hybrid_Teacher
wandb: ⭐️ View project at https://wandb.ai/ryanhana-wandb/hdr-dual-moe
wandb: 🚀 View run at https://wandb.ai/ryanhana-wandb/hdr-dual-moe/runs/km7si3dn
/home/chen4848/.conda/envs/2025.06-py313/dl/lib/python3.12/site-packages/torchvision/models/_utils.py:208: UserWarning: The parameter 'pretrained' is deprecated since 0.13 and may be removed in the future, please use 'weights' instead.
  warnings.warn(
/home/chen4848/.conda/envs/2025.06-py313/dl/lib/python3.12/site-packages/torchvision/models/_utils.py:223: UserWarning: Arguments other than a weight enum or `None` for 'weights' are deprecated since 0.13 and may be removed in the future. The current behavior is equivalent to passing `weights=VGG16_Weights.IMAGENET1K_V1`. You can also use `weights=VGG16_Weights.DEFAULT` to get the most up-to-date weights.
  warnings.warn(msg)
wandb: updating run metadata
wandb: uploading history steps 599-599, summary, console lines 612-613
wandb: 
wandb: Run history:
wandb:               epoch ▁▁▁▂▂▂▂▃▃▃▃▃▃▃▃▄▄▅▅▅▅▅▅▅▅▅▅▆▆▆▆▆▆▆▆▇▇▇██
wandb: train/learning_rate ▁▁▁▁▁▁▁▁▁▁▁▁▁▁▁▁▁▁▁▁▁▁▁▁▁▁▁▁▁▁▁▁▁▁▁▁▁▁▁▁
wandb:          train/loss █▇▆▆▆▆▅▅▅▄▄▄▄▄▄▄▃▃▂▂▃▂▂▁▁▂▂▂▂▂▂▂▁▂▃▂▂▂▁▁
wandb:          train/psnr ▁▁▁▁▁▁▁▂▂▂▂▂▂▂▃▄▅▅▅▇▇▇▇▇▇█▇▆▆▇▇█████████
wandb: 
wandb: Run summary:
wandb:               epoch 600
wandb: train/learning_rate 0.0001
wandb:          train/loss 0.21146
wandb:          train/psnr 46.84154
wandb: 
wandb: 🚀 View run run_20260521_1913_MobileHDR_hybrid_Teacher at: https://wandb.ai/ryanhana-wandb/hdr-dual-moe/runs/km7si3dn
wandb: ⭐️ View project at: https://wandb.ai/ryanhana-wandb/hdr-dual-moe
wandb: Synced 5 W&B file(s), 0 media file(s), 474 artifact file(s) and 0 other file(s)
wandb: Find logs at: /scratch/gilbreth/chen4848/wandb_cache/wandb/run-20260521_191315-km7si3dn/logs
