wandb: [wandb.login()] Loaded credentials for https://api.wandb.ai from WANDB_API_KEY.
wandb: Currently logged in as: ryanhana (ryanhana-wandb) to https://api.wandb.ai. Use `wandb login --relogin` to force relogin
wandb: Tracking run with wandb version 0.27.0
wandb: Run data is saved locally in /scratch/gilbreth/chen4848/wandb_cache/wandb/run-20260521_195907-g9bgr613
wandb: Run `wandb offline` to turn off syncing.
wandb: Syncing run run_20260521_1959_kalantari
wandb: ⭐️ View project at https://wandb.ai/ryanhana-wandb/hdr-kalantari
wandb: 🚀 View run at https://wandb.ai/ryanhana-wandb/hdr-kalantari/runs/g9bgr613
/home/chen4848/.conda/envs/2025.06-py313/dl/lib/python3.12/site-packages/torchvision/models/_utils.py:208: UserWarning: The parameter 'pretrained' is deprecated since 0.13 and may be removed in the future, please use 'weights' instead.
  warnings.warn(
/home/chen4848/.conda/envs/2025.06-py313/dl/lib/python3.12/site-packages/torchvision/models/_utils.py:223: UserWarning: Arguments other than a weight enum or `None` for 'weights' are deprecated since 0.13 and may be removed in the future. The current behavior is equivalent to passing `weights=VGG16_Weights.IMAGENET1K_V1`. You can also use `weights=VGG16_Weights.DEFAULT` to get the most up-to-date weights.
  warnings.warn(msg)
wandb: WARNING A graphql request initiated by the public wandb API timed out (timeout=19 sec). Create a new API with an integer timeout larger than 19, e.g., `api = wandb.Api(timeout=29)` to increase the graphql timeout.
wandb: updating run metadata
wandb: uploading media/images/Images/Noisy Input_298_00081a5439690cf5122a.png; uploading output.log
wandb: 
wandb: Run history:
wandb:               epoch ▁▁▁▁▁▁▂▂▂▂▃▃▃▃▃▃▃▃▄▄▅▅▅▅▆▆▆▆▆▇▇▇▇▇▇█████
wandb: train/learning_rate █████▄▄▂▂▂▂▂▁▁▄▄▂▂▂▂▁▁▁▁▁▁▁▁▁▂▂▂▁▁▁▁▁▁▁▁
wandb:          train/loss ▇▇▇▇▇▄▄▄▄▃▃▃█▃▃▂▂▂▂▂▂▂▂▂▂▂▂▂▂▂▁▁▁▁▁▁▁▁▁▁
wandb:          train/psnr ▂▁▁▁▂▄▅▅▆▆▇▇▇▇▇▇▇▇▇███▇▇▇███████████████
wandb: 
wandb: Run summary:
wandb:               epoch 300
wandb: train/learning_rate 0.0
wandb:          train/loss 0.00421
wandb:          train/psnr 35.36525
wandb: 
wandb: 🚀 View run run_20260521_1959_kalantari at: https://wandb.ai/ryanhana-wandb/hdr-kalantari/runs/g9bgr613
wandb: ⭐️ View project at: https://wandb.ai/ryanhana-wandb/hdr-kalantari
wandb: Synced 5 W&B file(s), 903 media file(s), 190 artifact file(s) and 0 other file(s)
wandb: Find logs at: /scratch/gilbreth/chen4848/wandb_cache/wandb/run-20260521_195907-g9bgr613/logs
