Preparing dual model
Compiling model graph via TorchInductor optimization...
Setting up [LPIPS] perceptual loss: trunk [vgg], v[0.1], spatial [off]
Loading model from: /home/chen4848/.conda/envs/2025.06-py313/dl/lib/python3.12/site-packages/lpips/weights/v0.1/vgg.pth
Starting from scratch.
Creating dataset
Setting up [LPIPS] perceptual loss: trunk [vgg], v[0.1], spatial [off]
Loading model from: /home/chen4848/.conda/envs/2025.06-py313/dl/lib/python3.12/site-packages/lpips/weights/v0.1/vgg.pth
Training started
Epoch #1: Loss =       0.6403 	17.604420344034832	(Time: 133.912954)
Epoch #2: Loss =       0.5564 	17.765248616536457	(Time: 11.456689)
Epoch #3: Loss =       0.5602 	17.55708948771159	(Time: 11.368944)
Epoch #4: Loss =       0.4968 	18.091557184855144	(Time: 8.808687)
Epoch #5: Loss =       0.5045 	18.24286397298177	(Time: 9.162945)
Epoch #6: Loss =       0.4978 	18.287058512369793	(Time: 9.252636)
Epoch #7: Loss =       0.5128 	18.340782165527344	(Time: 10.202669)
Epoch #8: Loss =       0.5119 	18.46642557779948	(Time: 9.857893)
Epoch #9: Loss =       0.5296 	18.55368932088216	(Time: 9.166091)
Epoch #10: Loss =       0.4369 	18.637766520182293	(Time: 9.246361)
Epoch #11: Loss =       0.5038 	18.713817596435547	(Time: 10.246371)
[1;34mwandb[0m: 
[1;34mwandb[0m: 🚀 View run [33mrun_20260521_1834_MobileHDR_hybrid_Teacher[0m at: [34mhttps://wandb.ai/ryanhana-wandb/hdr-dual-moe/runs/hwk2rhoe[0m
[1;34mwandb[0m: Find logs at: [1;35mwandb/run-20260521_183424-hwk2rhoe/logs[0m
