The following modules were not unloaded:
  (Use "module --force purge" to unload all):

  1) xalt/3.1.4
Lmod has detected the following error: These module(s) or extension(s) exist
but cannot be loaded as requested: "anaconda"
   Try: "module spider anaconda" to see how to load the module(s).



/var/spool/slurm/job10721852/slurm_script: line 22: conda: command not found

A module that was compiled using NumPy 1.x cannot be run in
NumPy 2.4.5 as it may crash. To support both 1.x and 2.x
versions of NumPy, modules must be compiled with NumPy 2.0.
Some module may need to rebuild instead e.g. with 'pybind11>=2.12'.

If you are a user of the module, the easiest solution will be to
downgrade to 'numpy<2' or try to upgrade the affected module.
We expect that some modules will need time to support NumPy 2.

Traceback (most recent call last):  File "/scratch/gilbreth/chen4848/HDR-denoise/train_HDR_dual_student_wandb.py", line 6, in <module>
    import lpips
  File "/home/chen4848/.conda/envs/2025.06-py313/dl/lib/python3.12/site-packages/lpips/__init__.py", line 7, in <module>
    import torch
  File "/home/chen4848/.conda/envs/2025.06-py313/dl/lib/python3.12/site-packages/torch/__init__.py", line 1477, in <module>
    from .functional import *  # noqa: F403
  File "/home/chen4848/.conda/envs/2025.06-py313/dl/lib/python3.12/site-packages/torch/functional.py", line 9, in <module>
    import torch.nn.functional as F
  File "/home/chen4848/.conda/envs/2025.06-py313/dl/lib/python3.12/site-packages/torch/nn/__init__.py", line 1, in <module>
    from .modules import *  # noqa: F403
  File "/home/chen4848/.conda/envs/2025.06-py313/dl/lib/python3.12/site-packages/torch/nn/modules/__init__.py", line 35, in <module>
    from .transformer import TransformerEncoder, TransformerDecoder, \
  File "/home/chen4848/.conda/envs/2025.06-py313/dl/lib/python3.12/site-packages/torch/nn/modules/transformer.py", line 20, in <module>
    device: torch.device = torch.device(torch._C._get_default_device()),  # torch.device('cpu'),
/home/chen4848/.conda/envs/2025.06-py313/dl/lib/python3.12/site-packages/torch/nn/modules/transformer.py:20: UserWarning: Failed to initialize NumPy: _ARRAY_API not found (Triggered internally at /opt/conda/conda-bld/pytorch_1711403463728/work/torch/csrc/utils/tensor_numpy.cpp:84.)
  device: torch.device = torch.device(torch._C._get_default_device()),  # torch.device('cpu'),
Traceback (most recent call last):
  File "/scratch/gilbreth/chen4848/HDR-denoise/train_HDR_dual_student_wandb.py", line 146, in <module>
    wandb.init(
  File "/home/chen4848/.conda/envs/2025.06-py313/dl/lib/python3.12/site-packages/wandb/sdk/wandb_init.py", line 1613, in init
    get_sentry().reraise(e)
  File "/home/chen4848/.conda/envs/2025.06-py313/dl/lib/python3.12/site-packages/wandb/analytics/sentry.py", line 191, in reraise
    raise exc.with_traceback(tb)
  File "/home/chen4848/.conda/envs/2025.06-py313/dl/lib/python3.12/site-packages/wandb/sdk/wandb_init.py", line 1530, in init
    wi.maybe_login(init_settings)
  File "/home/chen4848/.conda/envs/2025.06-py313/dl/lib/python3.12/site-packages/wandb/sdk/wandb_init.py", line 200, in maybe_login
    wandb_login._login(
  File "/home/chen4848/.conda/envs/2025.06-py313/dl/lib/python3.12/site-packages/wandb/sdk/wandb_login.py", line 190, in _login
    auth = _find_or_prompt_for_key(
           ^^^^^^^^^^^^^^^^^^^^^^^^
  File "/home/chen4848/.conda/envs/2025.06-py313/dl/lib/python3.12/site-packages/wandb/sdk/wandb_login.py", line 266, in _find_or_prompt_for_key
    auth = wbauth.authenticate_session(
           ^^^^^^^^^^^^^^^^^^^^^^^^^^^^
  File "/home/chen4848/.conda/envs/2025.06-py313/dl/lib/python3.12/site-packages/wandb/sdk/lib/wbauth/authenticate.py", line 139, in authenticate_session
    raise UsageError(
wandb.errors.errors.UsageError: No API key configured. Use `wandb login` to log in.
